// Jest Snapshot v1, https://goo.gl/fbAQLP

exports[`Snapshots SongItem.vue renders correctly 1`] = `
<li
  class="song-id-abc snapshot example flex justify-between items-center p-3 pl-6 cursor-pointer transition duration-300 hover:bg-gray-50"
>
  <div>
    <router-link-stub
      to="[object Object]"
    />
    <span
      class="text-gray-500 text-sm"
    />
  </div>
  <div
    class="text-gray-600 text-lg"
  >
    <router-link-stub
      custom=""
      to="[object Object]"
    />
  </div>
</li>
`;
